// Jest Snapshot v1, https://goo.gl/fbAQLP

exports[`<Root /> renders correctly 1`] = `
<ContextProvider
  value={null}
>
  <Root
    addComment={[Function]}
    closeModal={[Function]}
    open={false}
    store={
      Object {
        "clearActions": [Function],
        "dispatch": [Function],
        "getActions": [Function],
        "getState": [Function],
        "replaceReducer": [Function],
        "subscribe": [Function],
      }
    }
  />
</ContextProvider>
`;
